PS C:\Users\a-kaki> cd "C:\Users\a-kaki\Desktop\Programing\git_challenge"
PS C:\Users\a-kaki\Desktop\Programing\git_challenge> git init
Initialized empty Git repository in C:/Users/a-kaki/Desktop/Programing/git_challenge/.git/
PS C:\Users\a-kaki\Desktop\Programing\git_challenge> git add hello_world.txt
PS C:\Users\a-kaki\Desktop\Programing\git_challenge> git commit -m "hello_world.txtを追加"
[main (root-commit) a8044c0] hello_world.txtを追加
 1 file changed, 1 insertion(+)
 create mode 100644 hello_world.txt
PS C:\Users\a-kaki\Desktop\Programing\git_challenge> git add hello_world.txt
PS C:\Users\a-kaki\Desktop\Programing\git_challenge> git commit -m "日本語訳を追記"
[main 641d33a] 日本語訳を追記
 1 file changed, 2 insertions(+), 1 deletion(-)
PS C:\Users\a-kaki\Desktop\Programing\git_challenge> git log --oneline
641d33a (HEAD -> main) 日本語訳を追記
a8044c0 hello_world.txtを追加
PS C:\Users\a-kaki\Desktop\Programing\git_challenge> 